// Jest Snapshot v1, https://goo.gl/fbAQLP

exports[`Unauthorized:  should render as expected 1`] = `
<div
  className="root"
>
  Unauthorized
  <UnauthorizedPages />
</div>
`;
