// Jest Snapshot v1, https://goo.gl/fbAQLP

exports[`AuthorizedPages:  should render as expected 1`] = `
<SwitchMock>
  <RouteMock
    component="HomeMock"
    path="/"
  />
  <RedirectMock
    from="*"
    to="/"
  />
</SwitchMock>
`;
