// Jest Snapshot v1, https://goo.gl/fbAQLP

exports[`layout: withMuiTheme rendering should render without crashing 1`] = `
<MuiThemeProviderMock>
  <FakeComponent />
</MuiThemeProviderMock>
`;
