// Jest Snapshot v1, https://goo.gl/fbAQLP

exports[`Login:  should render as expected 1`] = `
<div>
  Login page
</div>
`;
